RAM Allocation [bytes]
Variable                                                                          Address   Size
------------------------------------------------------------------------------------------------
_base_y                                                                           0x0260       4

EEPROM Allocation [bytes]
Variable                                                                          Address   Size
------------------------------------------------------------------------------------------------

Register Allocation
Variable                                                                          Register  Size
------------------------------------------------------------------------------------------------
_lcd_x                                                                            R5           1
_lcd_y                                                                            R4           1
_lcd_maxx                                                                         R7           1

FLASH Allocation [words]
Function                                                                          Address   Size
------------------------------------------------------------------------------------------------
main                                                                              0x0006C     62
put_buff_G100                                                                     0x000AA     64
_print_G100                                                                       0x000EA    308
sprintf                                                                           0x0021E     52
_lcd_write_nibble_G101                                                            0x00252     20
_lcd_write_data                                                                   0x00266     12
lcd_gotoxy                                                                        0x00272     13
lcd_clear                                                                         0x0027F     12
lcd_putchar                                                                       0x0028B     21
lcd_puts                                                                          0x002A0     17
lcd_init                                                                          0x002B1     46
strlen                                                                            0x002DF     12
strlenf                                                                           0x002EB     13
